WARNING:  WatchFiles detected changes in 'batch_call.py'. Reloading...
INFO:     Shutting down
INFO:     Waiting for application shutdown.
INFO:     Application shutdown complete.
INFO:     Finished server process [602]
INFO:     Started server process [608]
INFO:     Waiting for application startup.
INFO:     Application startup complete.
WARNING:  WatchFiles detected changes in 'batch_call.py'. Reloading...
INFO:     Shutting down
INFO:     Waiting for application shutdown.
INFO:     Application shutdown complete.
INFO:     Finished server process [608]
INFO:     Started server process [614]
INFO:     Waiting for application startup.
INFO:     Application startup complete.
WARNING:  WatchFiles detected changes in 'app/utils/caseExApi.py'. Reloading...
INFO:     Shutting down
INFO:     Waiting for application shutdown.
INFO:     Application shutdown complete.
INFO:     Finished server process [614]
WARNING:  WatchFiles detected changes in 'app/utils/caseExApi.py'. Reloading...
INFO:     Started server process [620]
INFO:     Waiting for application startup.
INFO:     Application startup complete.
WARNING:  WatchFiles detected changes in 'app/utils/caseExApi.py'. Reloading...
INFO:     Started server process [626]
INFO:     Waiting for application startup.
INFO:     Application startup complete.
WARNING:  WatchFiles detected changes in 'app/utils/caseExApi.py'. Reloading...
INFO:     Started server process [632]
INFO:     Waiting for application startup.
INFO:     Application startup complete.
INFO:     Started server process [638]
INFO:     Waiting for application startup.
INFO:     Application startup complete.
WARNING:  WatchFiles detected changes in 'app/utils/caseExApi.py'. Reloading...
INFO:     Shutting down
INFO:     Waiting for application shutdown.
INFO:     Application shutdown complete.
INFO:     Finished server process [638]
INFO:     Started server process [644]
INFO:     Waiting for application startup.
INFO:     Application startup complete.
WARNING:  WatchFiles detected changes in 'app/utils/caseExApi.py'. Reloading...
INFO:     Shutting down
INFO:     Waiting for application shutdown.
INFO:     Application shutdown complete.
INFO:     Finished server process [644]
INFO:     Started server process [650]
INFO:     Waiting for application startup.
INFO:     Application startup complete.
WARNING:  WatchFiles detected changes in 'app/utils/caseExApi.py'. Reloading...
INFO:     Shutting down
INFO:     Waiting for application shutdown.
INFO:     Application shutdown complete.
INFO:     Finished server process [650]
INFO:     Started server process [656]
INFO:     Waiting for application startup.
INFO:     Application startup complete.
WARNING:  WatchFiles detected changes in 'app/utils/caseExApi.py'. Reloading...
INFO:     Shutting down
INFO:     Waiting for application shutdown.
INFO:     Application shutdown complete.
INFO:     Finished server process [656]
INFO:     Started server process [662]
INFO:     Waiting for application startup.
INFO:     Application startup complete.
WARNING:  WatchFiles detected changes in 'app/utils/caseExApi.py'. Reloading...
INFO:     Shutting down
INFO:     Waiting for application shutdown.
INFO:     Application shutdown complete.
INFO:     Finished server process [662]
INFO:     Started server process [668]
INFO:     Waiting for application startup.
INFO:     Application startup complete.
WARNING:  WatchFiles detected changes in 'app/utils/caseExApi.py'. Reloading...
INFO:     Shutting down
INFO:     Waiting for application shutdown.
INFO:     Application shutdown complete.
INFO:     Finished server process [668]
INFO:     Started server process [674]
INFO:     Waiting for application startup.
INFO:     Application startup complete.
WARNING:  WatchFiles detected changes in 'app/utils/caseExApi.py'. Reloading...
INFO:     Shutting down
INFO:     Waiting for application shutdown.
INFO:     Application shutdown complete.
INFO:     Finished server process [674]
INFO:     Started server process [680]
INFO:     Waiting for application startup.
INFO:     Application startup complete.
WARNING:  WatchFiles detected changes in 'app/utils/caseExApi.py'. Reloading...
INFO:     Shutting down
INFO:     Waiting for application shutdown.
INFO:     Application shutdown complete.
INFO:     Finished server process [680]
INFO:     Started server process [686]
INFO:     Waiting for application startup.
INFO:     Application startup complete.
WARNING:  WatchFiles detected changes in 'app/api/v1/case/case_ex copy.py'. Reloading...
INFO:     Shutting down
INFO:     Waiting for application shutdown.
INFO:     Application shutdown complete.
INFO:     Finished server process [686]
INFO:     Started server process [692]
INFO:     Waiting for application startup.
INFO:     Application startup complete.
WARNING:  WatchFiles detected changes in 'app/api/v1/case/case_ex_temp.py', 'app/api/v1/case/case_ex copy.py'. Reloading...
INFO:     Shutting down
INFO:     Waiting for application shutdown.
INFO:     Application shutdown complete.
INFO:     Finished server process [692]
INFO:     Started server process [698]
INFO:     Waiting for application startup.
INFO:     Application startup complete.
WARNING:  WatchFiles detected changes in 'app/api/v1/case/__init__.py'. Reloading...
INFO:     Shutting down
INFO:     Waiting for application shutdown.
INFO:     Application shutdown complete.
INFO:     Finished server process [698]
WARNING:  WatchFiles detected changes in 'app/api/v1/case/__init__.py'. Reloading...
WARNING:  WatchFiles detected changes in 'app/api/v1/case/case_ex_temp.py'. Reloading...
WARNING:  WatchFiles detected changes in 'app/api/v1/case/case_ex_temp.py'. Reloading...
WARNING:  WatchFiles detected changes in 'app/api/v1/__init__.py'. Reloading...
WARNING:  WatchFiles detected changes in 'app/api/v1/__init__.py'. Reloading...
WARNING:  WatchFiles detected changes in 'app/api/v1/case/case_ex_temp.py'. Reloading...
INFO:     Started server process [722]
INFO:     Waiting for application startup.
INFO:     Application startup complete.
WARNING:  WatchFiles detected changes in 'app/settings/config.py'. Reloading...
INFO:     Shutting down
INFO:     Waiting for application shutdown.
INFO:     Application shutdown complete.
INFO:     Finished server process [722]
INFO:     Started server process [729]
INFO:     Waiting for application startup.
INFO:     Application startup complete.
WARNING:  WatchFiles detected changes in 'app/settings/config.py'. Reloading...
INFO:     Shutting down
INFO:     Waiting for application shutdown.
INFO:     Application shutdown complete.
INFO:     Finished server process [729]
INFO:     Started server process [736]
INFO:     Waiting for application startup.
INFO:     Application startup complete.
WARNING:  WatchFiles detected changes in 'app/api/v1/case/case_ex_temp.py'. Reloading...
INFO:     Shutting down
INFO:     Waiting for application shutdown.
INFO:     Application shutdown complete.
INFO:     Finished server process [736]
INFO:     Started server process [743]
INFO:     Waiting for application startup.
INFO:     Application startup complete.
WARNING:  WatchFiles detected changes in 'app/api/v1/case/case_ex_temp.py'. Reloading...
INFO:     Shutting down
INFO:     Waiting for application shutdown.
INFO:     Application shutdown complete.
INFO:     Finished server process [743]
INFO:     Started server process [750]
INFO:     Waiting for application startup.
INFO:     Application startup complete.
WARNING:  WatchFiles detected changes in 'app/api/v1/case/case_ex_temp.py'. Reloading...
INFO:     Shutting down
INFO:     Waiting for application shutdown.
INFO:     Application shutdown complete.
INFO:     Finished server process [750]
INFO:     Started server process [757]
INFO:     Waiting for application startup.
INFO:     Application startup complete.
WARNING:  WatchFiles detected changes in 'app/models/case.py'. Reloading...
INFO:     Shutting down
INFO:     Waiting for application shutdown.
INFO:     Application shutdown complete.
INFO:     Finished server process [757]
INFO:     Started server process [764]
INFO:     Waiting for application startup.
WARNING:  WatchFiles detected changes in 'migrations/models/7_20250604113536_update.py'. Reloading...
INFO:     Application startup complete.
WARNING:  WatchFiles detected changes in 'app/models/case.py'. Reloading...
INFO:     Started server process [771]
INFO:     Waiting for application startup.
INFO:     Application startup complete.
INFO:     Started server process [778]
INFO:     Waiting for application startup.
INFO:     Application startup complete.
WARNING:  WatchFiles detected changes in 'app/api/v1/case/case_ex_temp.py'. Reloading...
INFO:     Shutting down
INFO:     Waiting for application shutdown.
INFO:     Application shutdown complete.
INFO:     Finished server process [778]
INFO:     Started server process [785]
INFO:     Waiting for application startup.
INFO:     Application startup complete.
WARNING:  WatchFiles detected changes in 'app/api/v1/case/case_ex_temp.py'. Reloading...
INFO:     Shutting down
INFO:     Waiting for application shutdown.
INFO:     Application shutdown complete.
INFO:     Finished server process [785]
INFO:     Started server process [792]
INFO:     Waiting for application startup.
INFO:     Application startup complete.
WARNING:  WatchFiles detected changes in 'app/api/v1/case/case_ex_temp.py'. Reloading...
INFO:     Shutting down
INFO:     Waiting for application shutdown.
INFO:     Application shutdown complete.
INFO:     Finished server process [792]
INFO:     Started server process [799]
INFO:     Waiting for application startup.
INFO:     Application startup complete.
WARNING:  WatchFiles detected changes in 'app/api/v1/case/case_ex_temp.py'. Reloading...
INFO:     Shutting down
INFO:     Waiting for application shutdown.
INFO:     Application shutdown complete.
INFO:     Finished server process [799]
INFO:     Started server process [806]
INFO:     Waiting for application startup.
INFO:     Application startup complete.
WARNING:  WatchFiles detected changes in 'app/api/v1/case/case_ex_temp.py'. Reloading...
INFO:     Shutting down
INFO:     Waiting for application shutdown.
INFO:     Application shutdown complete.
INFO:     Finished server process [806]
INFO:     Started server process [813]
INFO:     Waiting for application startup.
INFO:     Application startup complete.
WARNING:  WatchFiles detected changes in 'app/api/v1/case/case_ex_temp.py'. Reloading...
INFO:     Shutting down
INFO:     Waiting for application shutdown.
INFO:     Application shutdown complete.
INFO:     Finished server process [813]
WARNING:  WatchFiles detected changes in 'app/api/v1/case/case_ex_temp.py'. Reloading...
INFO:     Started server process [820]
INFO:     Waiting for application startup.
INFO:     Application startup complete.
WARNING:  WatchFiles detected changes in 'app/api/v1/case/case_ex_temp.py'. Reloading...
INFO:     Started server process [827]
INFO:     Waiting for application startup.
INFO:     Application startup complete.
INFO:     Started server process [834]
INFO:     Waiting for application startup.
INFO:     Application startup complete.
WARNING:  WatchFiles detected changes in 'app/api/v1/case/case_ex_temp.py'. Reloading...
INFO:     Shutting down
INFO:     Waiting for application shutdown.
INFO:     Application shutdown complete.
INFO:     Finished server process [834]
INFO:     Started server process [841]
INFO:     Waiting for application startup.
INFO:     Application startup complete.
WARNING:  WatchFiles detected changes in 'app/api/v1/case/case_ex_temp.py'. Reloading...
INFO:     Shutting down
INFO:     Waiting for application shutdown.
INFO:     Application shutdown complete.
INFO:     Finished server process [841]
INFO:     Started server process [848]
INFO:     Waiting for application startup.
INFO:     Application startup complete.
WARNING:  WatchFiles detected changes in 'app/models/case.py'. Reloading...
INFO:     Shutting down
INFO:     Waiting for application shutdown.
INFO:     Application shutdown complete.
INFO:     Finished server process [848]
WARNING:  WatchFiles detected changes in 'app/models/case.py'. Reloading...
INFO:     Started server process [855]
INFO:     Waiting for application startup.
INFO:     Application startup complete.
WARNING:  WatchFiles detected changes in 'migrations/models/8_20250604122026_update.py'. Reloading...
INFO:     Started server process [862]
INFO:     Waiting for application startup.
INFO:     Application startup complete.
INFO:     Started server process [869]
INFO:     Waiting for application startup.
INFO:     Application startup complete.
WARNING:  WatchFiles detected changes in 'app/api/v1/case/case_ex_temp.py'. Reloading...
INFO:     Shutting down
INFO:     Waiting for application shutdown.
INFO:     Application shutdown complete.
INFO:     Finished server process [869]
INFO:     Started server process [876]
INFO:     Waiting for application startup.
INFO:     Application startup complete.
WARNING:  WatchFiles detected changes in 'app/settings/config.py'. Reloading...
INFO:     Shutting down
INFO:     Waiting for application shutdown.
INFO:     Application shutdown complete.
INFO:     Finished server process [876]
INFO:     Started server process [883]
INFO:     Waiting for application startup.
INFO:     Application startup complete.
WARNING:  WatchFiles detected changes in 'app/settings/config.py'. Reloading...
INFO:     Shutting down
INFO:     Waiting for application shutdown.
INFO:     Application shutdown complete.
INFO:     Finished server process [883]
INFO:     Started server process [890]
INFO:     Waiting for application startup.
INFO:     Application startup complete.
WARNING:  WatchFiles detected changes in 'app/api/v1/case/case_ex_temp.py'. Reloading...
INFO:     Shutting down
INFO:     Waiting for application shutdown.
INFO:     Application shutdown complete.
INFO:     Finished server process [890]
INFO:     Started server process [897]
INFO:     Waiting for application startup.
INFO:     Application startup complete.
WARNING:  WatchFiles detected changes in 'app/api/v1/case/case_ex_temp.py'. Reloading...
INFO:     Shutting down
INFO:     Waiting for application shutdown.
INFO:     Application shutdown complete.
INFO:     Finished server process [897]
INFO:     Started server process [904]
INFO:     Waiting for application startup.
INFO:     Application startup complete.
WARNING:  WatchFiles detected changes in 'app/api/v1/case/case_ex_temp.py'. Reloading...
INFO:     Shutting down
INFO:     Waiting for application shutdown.
INFO:     Application shutdown complete.
INFO:     Finished server process [904]
INFO:     Started server process [911]
INFO:     Waiting for application startup.
INFO:     Application startup complete.
WARNING:  WatchFiles detected changes in 'app/api/v1/case/case_ex_temp.py'. Reloading...
INFO:     Shutting down
INFO:     Waiting for application shutdown.
INFO:     Application shutdown complete.
INFO:     Finished server process [911]
WARNING:  WatchFiles detected changes in 'app/api/v1/case/case_ex_temp.py'. Reloading...
INFO:     Started server process [918]
INFO:     Waiting for application startup.
INFO:     Application startup complete.
WARNING:  WatchFiles detected changes in 'app/api/v1/case/case_ex_temp.py'. Reloading...
INFO:     Started server process [925]
INFO:     Waiting for application startup.
INFO:     Application startup complete.
INFO:     Started server process [932]
INFO:     Waiting for application startup.
INFO:     Application startup complete.
WARNING:  WatchFiles detected changes in 'app/settings/config.py'. Reloading...
INFO:     Shutting down
INFO:     Waiting for application shutdown.
INFO:     Application shutdown complete.
INFO:     Finished server process [932]
WARNING:  WatchFiles detected changes in 'app/settings/config.py'. Reloading...
INFO:     Started server process [939]
INFO:     Waiting for application startup.
INFO:     Application startup complete.
WARNING:  WatchFiles detected changes in 'app/settings/config.py'. Reloading...
INFO:     Started server process [946]
INFO:     Waiting for application startup.
INFO:     Application startup complete.
WARNING:  WatchFiles detected changes in 'app/settings/config.py'. Reloading...
INFO:     Started server process [953]
INFO:     Waiting for application startup.
INFO:     Application startup complete.
INFO:     Started server process [960]
INFO:     Waiting for application startup.
INFO:     Application startup complete.
WARNING:  WatchFiles detected changes in 'app/settings/config.py'. Reloading...
INFO:     Shutting down
INFO:     Waiting for application shutdown.
INFO:     Application shutdown complete.
INFO:     Finished server process [960]
INFO:     Started server process [967]
INFO:     Waiting for application startup.
INFO:     Application startup complete.
WARNING:  WatchFiles detected changes in 'app/settings/config.py'. Reloading...
INFO:     Shutting down
INFO:     Waiting for application shutdown.
INFO:     Application shutdown complete.
INFO:     Finished server process [967]
INFO:     Started server process [974]
INFO:     Waiting for application startup.
INFO:     Application startup complete.
WARNING:  WatchFiles detected changes in 'batch_call.py'. Reloading...
INFO:     Shutting down
INFO:     Waiting for application shutdown.
INFO:     Application shutdown complete.
INFO:     Finished server process [974]
INFO:     Started server process [981]
INFO:     Waiting for application startup.
INFO:     Application startup complete.
WARNING:  WatchFiles detected changes in 'batch_call.py'. Reloading...
INFO:     Shutting down
INFO:     Waiting for application shutdown.
INFO:     Application shutdown complete.
INFO:     Finished server process [981]
INFO:     Started server process [988]
INFO:     Waiting for application startup.
INFO:     Application startup complete.
WARNING:  WatchFiles detected changes in 'batch_call.py'. Reloading...
INFO:     Shutting down
INFO:     Waiting for application shutdown.
INFO:     Application shutdown complete.
INFO:     Finished server process [988]
INFO:     Started server process [995]
INFO:     Waiting for application startup.
INFO:     Application startup complete.
WARNING:  WatchFiles detected changes in 'batch_call.py'. Reloading...
INFO:     Shutting down
INFO:     Waiting for application shutdown.
INFO:     Application shutdown complete.
INFO:     Finished server process [995]
INFO:     Started server process [1002]
INFO:     Waiting for application startup.
INFO:     Application startup complete.
WARNING:  WatchFiles detected changes in 'batch_call.py'. Reloading...
INFO:     Shutting down
INFO:     Waiting for application shutdown.
INFO:     Application shutdown complete.
INFO:     Finished server process [1002]
INFO:     Started server process [1009]
INFO:     Waiting for application startup.
INFO:     Application startup complete.
WARNING:  WatchFiles detected changes in 'app/api/v1/case/case_ex_temp.py'. Reloading...
INFO:     Shutting down
INFO:     Waiting for application shutdown.
INFO:     Application shutdown complete.
INFO:     Finished server process [1009]
WARNING:  WatchFiles detected changes in 'app/api/v1/case/case_ex_temp.py'. Reloading...
INFO:     Started server process [1016]
INFO:     Waiting for application startup.
INFO:     Application startup complete.
WARNING:  WatchFiles detected changes in 'app/api/v1/case/case_ex_temp.py'. Reloading...
INFO:     Started server process [1023]
INFO:     Waiting for application startup.
INFO:     Application startup complete.
INFO:     Started server process [1030]
INFO:     Waiting for application startup.
INFO:     Application startup complete.
WARNING:  WatchFiles detected changes in 'app/api/v1/case/case_ex_temp.py'. Reloading...
INFO:     Shutting down
INFO:     Waiting for application shutdown.
INFO:     Application shutdown complete.
INFO:     Finished server process [1030]
WARNING:  WatchFiles detected changes in 'app/api/v1/case/case_ex_temp.py'. Reloading...
INFO:     Started server process [1037]
INFO:     Waiting for application startup.
INFO:     Application startup complete.
INFO:     Started server process [1044]
INFO:     Waiting for application startup.
INFO:     Application startup complete.
WARNING:  WatchFiles detected changes in 'app/api/v1/case/case_ex_temp.py'. Reloading...
INFO:     Shutting down
INFO:     Waiting for application shutdown.
INFO:     Application shutdown complete.
INFO:     Finished server process [1044]
INFO:     Started server process [1051]
INFO:     Waiting for application startup.
INFO:     Application startup complete.
WARNING:  WatchFiles detected changes in 'app/api/v1/case/case_ex_temp.py'. Reloading...
INFO:     Shutting down
INFO:     Waiting for application shutdown.
INFO:     Application shutdown complete.
INFO:     Finished server process [1051]
INFO:     Started server process [1058]
INFO:     Waiting for application startup.
INFO:     Application startup complete.
WARNING:  WatchFiles detected changes in 'app/api/v1/case/case_ex_temp.py'. Reloading...
INFO:     Shutting down
INFO:     Waiting for application shutdown.
INFO:     Application shutdown complete.
INFO:     Finished server process [1058]
INFO:     Started server process [1065]
INFO:     Waiting for application startup.
INFO:     Application startup complete.
WARNING:  WatchFiles detected changes in 'app/api/v1/case/case_ex_temp.py'. Reloading...
INFO:     Shutting down
INFO:     Waiting for application shutdown.
INFO:     Application shutdown complete.
INFO:     Finished server process [1065]
INFO:     Started server process [1072]
INFO:     Waiting for application startup.
INFO:     Application startup complete.
WARNING:  WatchFiles detected changes in 'app/api/v1/case/case_ex_temp.py'. Reloading...
INFO:     Shutting down
INFO:     Waiting for application shutdown.
INFO:     Application shutdown complete.
INFO:     Finished server process [1072]
WARNING:  WatchFiles detected changes in 'app/api/v1/case/case_ex_temp.py'. Reloading...
INFO:     Started server process [1079]
INFO:     Waiting for application startup.
INFO:     Application startup complete.
INFO:     Started server process [1086]
INFO:     Waiting for application startup.
INFO:     Application startup complete.
WARNING:  WatchFiles detected changes in 'app/api/v1/case/case_ex_temp.py'. Reloading...
INFO:     Shutting down
INFO:     Waiting for application shutdown.
INFO:     Application shutdown complete.
INFO:     Finished server process [1086]
INFO:     Started server process [1093]
INFO:     Waiting for application startup.
INFO:     Application startup complete.
WARNING:  WatchFiles detected changes in 'migrations/models/9_20250604161826_None.py'. Reloading...
INFO:     Shutting down
INFO:     Waiting for application shutdown.
INFO:     Application shutdown complete.
INFO:     Finished server process [1093]
INFO:     Started server process [1100]
INFO:     Waiting for application startup.
INFO:     Application startup complete.
WARNING:  WatchFiles detected changes in 'app/api/v1/case/case_ex_temp.py'. Reloading...
INFO:     Shutting down
INFO:     Waiting for application shutdown.
INFO:     Application shutdown complete.
INFO:     Finished server process [1100]
WARNING:  WatchFiles detected changes in 'app/api/v1/case/case_ex_temp.py'. Reloading...
INFO:     Started server process [1107]
INFO:     Waiting for application startup.
INFO:     Application startup complete.
WARNING:  WatchFiles detected changes in 'app/api/v1/case/case_ex_temp.py'. Reloading...
INFO:     Started server process [1114]
INFO:     Waiting for application startup.
INFO:     Application startup complete.
INFO:     Started server process [1121]
INFO:     Waiting for application startup.
INFO:     Application startup complete.
WARNING:  WatchFiles detected changes in 'app/models/case.py'. Reloading...
INFO:     Shutting down
INFO:     Waiting for application shutdown.
INFO:     Application shutdown complete.
INFO:     Finished server process [1121]
WARNING:  WatchFiles detected changes in 'app/models/case.py'. Reloading...
INFO:     Started server process [1128]
INFO:     Waiting for application startup.
INFO:     Application startup complete.
WARNING:  WatchFiles detected changes in 'migrations/models/10_20250604163111_update.py', 'app/models/case.py'. Reloading...
INFO:     Started server process [1135]
INFO:     Waiting for application startup.
INFO:     Application startup complete.
INFO:     Started server process [1142]
INFO:     Waiting for application startup.
INFO:     Application startup complete.
WARNING:  WatchFiles detected changes in 'app/api/v1/case/case_ex_temp.py'. Reloading...
INFO:     Shutting down
INFO:     Waiting for application shutdown.
INFO:     Application shutdown complete.
INFO:     Finished server process [1142]
INFO:     Started server process [1149]
INFO:     Waiting for application startup.
INFO:     Application startup complete.
WARNING:  WatchFiles detected changes in 'app/api/v1/case/case_ex_temp.py'. Reloading...
INFO:     Shutting down
INFO:     Waiting for application shutdown.
INFO:     Application shutdown complete.
INFO:     Finished server process [1149]
WARNING:  WatchFiles detected changes in 'app/api/v1/case/case_ex_temp.py'. Reloading...
INFO:     Started server process [1156]
INFO:     Waiting for application startup.
INFO:     Application startup complete.
WARNING:  WatchFiles detected changes in 'app/api/v1/case/case_ex_temp.py'. Reloading...
INFO:     Started server process [1163]
INFO:     Waiting for application startup.
INFO:     Application startup complete.
INFO:     Started server process [1170]
INFO:     Waiting for application startup.
INFO:     Application startup complete.
WARNING:  WatchFiles detected changes in 'app/api/v1/case/case_ex_temp.py'. Reloading...
INFO:     Shutting down
INFO:     Waiting for application shutdown.
INFO:     Application shutdown complete.
INFO:     Finished server process [1170]
INFO:     Started server process [1374]
INFO:     Waiting for application startup.
INFO:     Application startup complete.
WARNING:  WatchFiles detected changes in 'app/api/v1/case/case_ex_temp.py'. Reloading...
INFO:     Shutting down
INFO:     Waiting for application shutdown.
INFO:     Application shutdown complete.
INFO:     Finished server process [1374]
INFO:     Started server process [1381]
INFO:     Waiting for application startup.
INFO:     Application startup complete.
WARNING:  WatchFiles detected changes in 'app/api/v1/case/case_ex_temp.py'. Reloading...
INFO:     Shutting down
INFO:     Waiting for application shutdown.
INFO:     Application shutdown complete.
INFO:     Finished server process [1381]
WARNING:  WatchFiles detected changes in 'app/schemas/case.py'. Reloading...
INFO:     Started server process [1586]
INFO:     Waiting for application startup.
INFO:     Application startup complete.
WARNING:  WatchFiles detected changes in 'app/settings/config.py'. Reloading...
INFO:     Shutting down
INFO:     Waiting for application shutdown.
INFO:     Application shutdown complete.
INFO:     Finished server process [1586]
INFO:     Started server process [1593]
INFO:     Waiting for application startup.
INFO:     Application startup complete.
WARNING:  WatchFiles detected changes in 'app/api/v1/case/case_ex_temp.py'. Reloading...
INFO:     Shutting down
INFO:     Waiting for application shutdown.
INFO:     Application shutdown complete.
INFO:     Finished server process [1593]
INFO:     Started server process [1600]
INFO:     Waiting for application startup.
INFO:     Application startup complete.
WARNING:  WatchFiles detected changes in 'app/api/v1/case/case_ex_temp.py'. Reloading...
INFO:     Shutting down
INFO:     Waiting for application shutdown.
INFO:     Application shutdown complete.
INFO:     Finished server process [1600]
INFO:     Started server process [1607]
INFO:     Waiting for application startup.
INFO:     Application startup complete.
WARNING:  WatchFiles detected changes in 'app/api/v1/case/case_ex_temp.py'. Reloading...
INFO:     Shutting down
INFO:     Waiting for application shutdown.
INFO:     Application shutdown complete.
INFO:     Finished server process [1607]
WARNING:  WatchFiles detected changes in 'app/api/v1/case/case_ex_temp.py'. Reloading...
INFO:     Started server process [1614]
INFO:     Waiting for application startup.
INFO:     Application startup complete.
INFO:     Started server process [1621]
INFO:     Waiting for application startup.
INFO:     Application startup complete.
WARNING:  WatchFiles detected changes in 'app/api/v1/case/case_ex_temp.py'. Reloading...
INFO:     Shutting down
INFO:     Waiting for application shutdown.
INFO:     Application shutdown complete.
INFO:     Finished server process [1621]
INFO:     Started server process [1628]
INFO:     Waiting for application startup.
INFO:     Application startup complete.
ERROR:    Exception in ASGI application
  + Exception Group Traceback (most recent call last):
  |   File "/usr/local/lib/python3.11/site-packages/starlette/_utils.py", line 87, in collapse_excgroups
  |     yield
  |   File "/usr/local/lib/python3.11/site-packages/starlette/middleware/base.py", line 190, in __call__
  |     async with anyio.create_task_group() as task_group:
  |   File "/usr/local/lib/python3.11/site-packages/anyio/_backends/_asyncio.py", line 680, in __aexit__
  |     raise BaseExceptionGroup(
  | ExceptionGroup: unhandled errors in a TaskGroup (1 sub-exception)
  +-+---------------- 1 ----------------
    | Traceback (most recent call last):
    |   File "/usr/local/lib/python3.11/site-packages/uvicorn/protocols/http/httptools_impl.py", line 401, in run_asgi
    |     result = await app(  # type: ignore[func-returns-value]
    |              ^^^^^^^^^^^^^^^^^^^^^^^^^^^^^^^^^^^^^^^^^^^^^^
    |   File "/usr/local/lib/python3.11/site-packages/uvicorn/middleware/proxy_headers.py", line 70, in __call__
    |     return await self.app(scope, receive, send)
    |            ^^^^^^^^^^^^^^^^^^^^^^^^^^^^^^^^^^^^
    |   File "/usr/local/lib/python3.11/site-packages/fastapi/applications.py", line 1054, in __call__
    |     await super().__call__(scope, receive, send)
    |   File "/usr/local/lib/python3.11/site-packages/starlette/applications.py", line 123, in __call__
    |     await self.middleware_stack(scope, receive, send)
    |   File "/usr/local/lib/python3.11/site-packages/starlette/middleware/errors.py", line 186, in __call__
    |     raise exc
    |   File "/usr/local/lib/python3.11/site-packages/starlette/middleware/errors.py", line 164, in __call__
    |     await self.app(scope, receive, _send)
    |   File "/usr/local/lib/python3.11/site-packages/starlette/middleware/cors.py", line 85, in __call__
    |     await self.app(scope, receive, send)
    |   File "/opt/vue-fastapi-admin/app/core/middlewares.py", line 29, in __call__
    |     await response(request.scope, request.receive, send)
    |   File "/usr/local/lib/python3.11/site-packages/starlette/middleware/base.py", line 189, in __call__
    |     with collapse_excgroups():
    |   File "/usr/local/lib/python3.11/contextlib.py", line 158, in __exit__
    |     self.gen.throw(typ, value, traceback)
    |   File "/usr/local/lib/python3.11/site-packages/starlette/_utils.py", line 93, in collapse_excgroups
    |     raise exc
    |   File "/usr/local/lib/python3.11/site-packages/starlette/middleware/base.py", line 191, in __call__
    |     response = await self.dispatch_func(request, call_next)
    |                ^^^^^^^^^^^^^^^^^^^^^^^^^^^^^^^^^^^^^^^^^^^^
    |   File "/opt/vue-fastapi-admin/app/core/middlewares.py", line 95, in dispatch
    |     await self.after_request(request, response, process_time)
    |   File "/opt/vue-fastapi-admin/app/core/middlewares.py", line 85, in after_request
    |     data: dict = await self.get_request_log(request=request, response=response)
    |                  ^^^^^^^^^^^^^^^^^^^^^^^^^^^^^^^^^^^^^^^^^^^^^^^^^^^^^^^^^^^^^^
    |   File "/opt/vue-fastapi-admin/app/core/middlewares.py", line 72, in get_request_log
    |     user_obj: User = await AuthControl.is_authed(token)
    |                      ^^^^^^^^^^^^^^^^^^^^^^^^^^^^^^^^^^
    |   File "/opt/vue-fastapi-admin/app/core/dependency.py", line 31, in is_authed
    |     raise HTTPException(status_code=401, detail="登录已过期")
    | fastapi.exceptions.HTTPException: 401: 登录已过期
    +------------------------------------

During handling of the above exception, another exception occurred:

Traceback (most recent call last):
  File "/usr/local/lib/python3.11/site-packages/uvicorn/protocols/http/httptools_impl.py", line 401, in run_asgi
    result = await app(  # type: ignore[func-returns-value]
             ^^^^^^^^^^^^^^^^^^^^^^^^^^^^^^^^^^^^^^^^^^^^^^
  File "/usr/local/lib/python3.11/site-packages/uvicorn/middleware/proxy_headers.py", line 70, in __call__
    return await self.app(scope, receive, send)
           ^^^^^^^^^^^^^^^^^^^^^^^^^^^^^^^^^^^^
  File "/usr/local/lib/python3.11/site-packages/fastapi/applications.py", line 1054, in __call__
    await super().__call__(scope, receive, send)
  File "/usr/local/lib/python3.11/site-packages/starlette/applications.py", line 123, in __call__
    await self.middleware_stack(scope, receive, send)
  File "/usr/local/lib/python3.11/site-packages/starlette/middleware/errors.py", line 186, in __call__
    raise exc
  File "/usr/local/lib/python3.11/site-packages/starlette/middleware/errors.py", line 164, in __call__
    await self.app(scope, receive, _send)
  File "/usr/local/lib/python3.11/site-packages/starlette/middleware/cors.py", line 85, in __call__
    await self.app(scope, receive, send)
  File "/opt/vue-fastapi-admin/app/core/middlewares.py", line 29, in __call__
    await response(request.scope, request.receive, send)
  File "/usr/local/lib/python3.11/site-packages/starlette/middleware/base.py", line 189, in __call__
    with collapse_excgroups():
  File "/usr/local/lib/python3.11/contextlib.py", line 158, in __exit__
    self.gen.throw(typ, value, traceback)
  File "/usr/local/lib/python3.11/site-packages/starlette/_utils.py", line 93, in collapse_excgroups
    raise exc
  File "/usr/local/lib/python3.11/site-packages/starlette/middleware/base.py", line 191, in __call__
    response = await self.dispatch_func(request, call_next)
               ^^^^^^^^^^^^^^^^^^^^^^^^^^^^^^^^^^^^^^^^^^^^
  File "/opt/vue-fastapi-admin/app/core/middlewares.py", line 95, in dispatch
    await self.after_request(request, response, process_time)
  File "/opt/vue-fastapi-admin/app/core/middlewares.py", line 85, in after_request
    data: dict = await self.get_request_log(request=request, response=response)
                 ^^^^^^^^^^^^^^^^^^^^^^^^^^^^^^^^^^^^^^^^^^^^^^^^^^^^^^^^^^^^^^
  File "/opt/vue-fastapi-admin/app/core/middlewares.py", line 72, in get_request_log
    user_obj: User = await AuthControl.is_authed(token)
                     ^^^^^^^^^^^^^^^^^^^^^^^^^^^^^^^^^^
  File "/opt/vue-fastapi-admin/app/core/dependency.py", line 31, in is_authed
    raise HTTPException(status_code=401, detail="登录已过期")
fastapi.exceptions.HTTPException: 401: 登录已过期
ERROR:    Exception in ASGI application
  + Exception Group Traceback (most recent call last):
  |   File "/usr/local/lib/python3.11/site-packages/starlette/_utils.py", line 87, in collapse_excgroups
  |     yield
  |   File "/usr/local/lib/python3.11/site-packages/starlette/middleware/base.py", line 190, in __call__
  |     async with anyio.create_task_group() as task_group:
  |   File "/usr/local/lib/python3.11/site-packages/anyio/_backends/_asyncio.py", line 680, in __aexit__
  |     raise BaseExceptionGroup(
  | ExceptionGroup: unhandled errors in a TaskGroup (1 sub-exception)
  +-+---------------- 1 ----------------
    | Traceback (most recent call last):
    |   File "/usr/local/lib/python3.11/site-packages/uvicorn/protocols/http/httptools_impl.py", line 401, in run_asgi
    |     result = await app(  # type: ignore[func-returns-value]
    |              ^^^^^^^^^^^^^^^^^^^^^^^^^^^^^^^^^^^^^^^^^^^^^^
    |   File "/usr/local/lib/python3.11/site-packages/uvicorn/middleware/proxy_headers.py", line 70, in __call__
    |     return await self.app(scope, receive, send)
    |            ^^^^^^^^^^^^^^^^^^^^^^^^^^^^^^^^^^^^
    |   File "/usr/local/lib/python3.11/site-packages/fastapi/applications.py", line 1054, in __call__
    |     await super().__call__(scope, receive, send)
    |   File "/usr/local/lib/python3.11/site-packages/starlette/applications.py", line 123, in __call__
    |     await self.middleware_stack(scope, receive, send)
    |   File "/usr/local/lib/python3.11/site-packages/starlette/middleware/errors.py", line 186, in __call__
    |     raise exc
    |   File "/usr/local/lib/python3.11/site-packages/starlette/middleware/errors.py", line 164, in __call__
    |     await self.app(scope, receive, _send)
    |   File "/usr/local/lib/python3.11/site-packages/starlette/middleware/cors.py", line 85, in __call__
    |     await self.app(scope, receive, send)
    |   File "/opt/vue-fastapi-admin/app/core/middlewares.py", line 29, in __call__
    |     await response(request.scope, request.receive, send)
    |   File "/usr/local/lib/python3.11/site-packages/starlette/middleware/base.py", line 189, in __call__
    |     with collapse_excgroups():
    |   File "/usr/local/lib/python3.11/contextlib.py", line 158, in __exit__
    |     self.gen.throw(typ, value, traceback)
    |   File "/usr/local/lib/python3.11/site-packages/starlette/_utils.py", line 93, in collapse_excgroups
    |     raise exc
    |   File "/usr/local/lib/python3.11/site-packages/starlette/middleware/base.py", line 191, in __call__
    |     response = await self.dispatch_func(request, call_next)
    |                ^^^^^^^^^^^^^^^^^^^^^^^^^^^^^^^^^^^^^^^^^^^^
    |   File "/opt/vue-fastapi-admin/app/core/middlewares.py", line 95, in dispatch
    |     await self.after_request(request, response, process_time)
    |   File "/opt/vue-fastapi-admin/app/core/middlewares.py", line 85, in after_request
    |     data: dict = await self.get_request_log(request=request, response=response)
    |                  ^^^^^^^^^^^^^^^^^^^^^^^^^^^^^^^^^^^^^^^^^^^^^^^^^^^^^^^^^^^^^^
    |   File "/opt/vue-fastapi-admin/app/core/middlewares.py", line 72, in get_request_log
    |     user_obj: User = await AuthControl.is_authed(token)
    |                      ^^^^^^^^^^^^^^^^^^^^^^^^^^^^^^^^^^
    |   File "/opt/vue-fastapi-admin/app/core/dependency.py", line 31, in is_authed
    |     raise HTTPException(status_code=401, detail="登录已过期")
    | fastapi.exceptions.HTTPException: 401: 登录已过期
    +------------------------------------

During handling of the above exception, another exception occurred:

Traceback (most recent call last):
  File "/usr/local/lib/python3.11/site-packages/uvicorn/protocols/http/httptools_impl.py", line 401, in run_asgi
    result = await app(  # type: ignore[func-returns-value]
             ^^^^^^^^^^^^^^^^^^^^^^^^^^^^^^^^^^^^^^^^^^^^^^
  File "/usr/local/lib/python3.11/site-packages/uvicorn/middleware/proxy_headers.py", line 70, in __call__
    return await self.app(scope, receive, send)
           ^^^^^^^^^^^^^^^^^^^^^^^^^^^^^^^^^^^^
  File "/usr/local/lib/python3.11/site-packages/fastapi/applications.py", line 1054, in __call__
    await super().__call__(scope, receive, send)
  File "/usr/local/lib/python3.11/site-packages/starlette/applications.py", line 123, in __call__
    await self.middleware_stack(scope, receive, send)
  File "/usr/local/lib/python3.11/site-packages/starlette/middleware/errors.py", line 186, in __call__
    raise exc
  File "/usr/local/lib/python3.11/site-packages/starlette/middleware/errors.py", line 164, in __call__
    await self.app(scope, receive, _send)
  File "/usr/local/lib/python3.11/site-packages/starlette/middleware/cors.py", line 85, in __call__
    await self.app(scope, receive, send)
  File "/opt/vue-fastapi-admin/app/core/middlewares.py", line 29, in __call__
    await response(request.scope, request.receive, send)
  File "/usr/local/lib/python3.11/site-packages/starlette/middleware/base.py", line 189, in __call__
    with collapse_excgroups():
  File "/usr/local/lib/python3.11/contextlib.py", line 158, in __exit__
    self.gen.throw(typ, value, traceback)
  File "/usr/local/lib/python3.11/site-packages/starlette/_utils.py", line 93, in collapse_excgroups
    raise exc
  File "/usr/local/lib/python3.11/site-packages/starlette/middleware/base.py", line 191, in __call__
    response = await self.dispatch_func(request, call_next)
               ^^^^^^^^^^^^^^^^^^^^^^^^^^^^^^^^^^^^^^^^^^^^
  File "/opt/vue-fastapi-admin/app/core/middlewares.py", line 95, in dispatch
    await self.after_request(request, response, process_time)
  File "/opt/vue-fastapi-admin/app/core/middlewares.py", line 85, in after_request
    data: dict = await self.get_request_log(request=request, response=response)
                 ^^^^^^^^^^^^^^^^^^^^^^^^^^^^^^^^^^^^^^^^^^^^^^^^^^^^^^^^^^^^^^
  File "/opt/vue-fastapi-admin/app/core/middlewares.py", line 72, in get_request_log
    user_obj: User = await AuthControl.is_authed(token)
                     ^^^^^^^^^^^^^^^^^^^^^^^^^^^^^^^^^^
  File "/opt/vue-fastapi-admin/app/core/dependency.py", line 31, in is_authed
    raise HTTPException(status_code=401, detail="登录已过期")
fastapi.exceptions.HTTPException: 401: 登录已过期
WARNING:  WatchFiles detected changes in 'app/core/init_app.py'. Reloading...
INFO:     Shutting down
INFO:     Waiting for application shutdown.
INFO:     Application shutdown complete.
INFO:     Finished server process [1628]
INFO:     Started server process [2047]
INFO:     Waiting for application startup.
INFO:     Application startup complete.
WARNING:  WatchFiles detected changes in 'app/core/init_app.py'. Reloading...
INFO:     Shutting down
INFO:     Waiting for application shutdown.
INFO:     Application shutdown complete.
INFO:     Finished server process [2047]
INFO:     Started server process [2054]
INFO:     Waiting for application startup.
INFO:     Application startup complete.
WARNING:  WatchFiles detected changes in 'app/schemas/case.py'. Reloading...
INFO:     Shutting down
INFO:     Waiting for application shutdown.
INFO:     Application shutdown complete.
INFO:     Finished server process [2054]
WARNING:  WatchFiles detected changes in 'app/schemas/case.py'. Reloading...
INFO:     Started server process [2063]
INFO:     Waiting for application startup.
INFO:     Application startup complete.
INFO:     Started server process [2070]
INFO:     Waiting for application startup.
INFO:     Application startup complete.
WARNING:  WatchFiles detected changes in 'batch_call.py'. Reloading...
INFO:     Shutting down
INFO:     Waiting for application shutdown.
INFO:     Application shutdown complete.
INFO:     Finished server process [2070]
WARNING:  WatchFiles detected changes in 'batch_call.py'. Reloading...
INFO:     Started server process [2077]
INFO:     Waiting for application startup.
INFO:     Application startup complete.
INFO:     Started server process [2084]
INFO:     Waiting for application startup.
INFO:     Application startup complete.
WARNING:  WatchFiles detected changes in 'app/api/v1/case/case_ex.py'. Reloading...
INFO:     Shutting down
INFO:     Waiting for application shutdown.
INFO:     Application shutdown complete.
INFO:     Finished server process [2084]
WARNING:  WatchFiles detected changes in 'app/api/v1/case/case_ex.py'. Reloading...
INFO:     Started server process [2091]
INFO:     Waiting for application startup.
INFO:     Application startup complete.
INFO:     Started server process [2098]
INFO:     Waiting for application startup.
INFO:     Application startup complete.
WARNING:  WatchFiles detected changes in 'app/api/v1/case/case_ex.py'. Reloading...
INFO:     Shutting down
INFO:     Waiting for application shutdown.
INFO:     Application shutdown complete.
INFO:     Finished server process [2098]
WARNING:  WatchFiles detected changes in 'app/api/v1/case/case_ex.py'. Reloading...
INFO:     Started server process [2105]
INFO:     Waiting for application startup.
INFO:     Application startup complete.
INFO:     Started server process [2112]
INFO:     Waiting for application startup.
INFO:     Application startup complete.
WARNING:  WatchFiles detected changes in 'app/api/v1/case/case_ex_temp.py'. Reloading...
INFO:     Shutting down
INFO:     Waiting for application shutdown.
INFO:     Application shutdown complete.
INFO:     Finished server process [2112]
WARNING:  WatchFiles detected changes in 'app/api/v1/case/case_ex_temp.py'. Reloading...
INFO:     Started server process [2119]
INFO:     Waiting for application startup.
INFO:     Application startup complete.
INFO:     Started server process [2126]
INFO:     Waiting for application startup.
INFO:     Application startup complete.
WARNING:  WatchFiles detected changes in 'app/api/v1/case/case_ex_temp.py'. Reloading...
INFO:     Shutting down
INFO:     Waiting for application shutdown.
INFO:     Application shutdown complete.
INFO:     Finished server process [2126]
WARNING:  WatchFiles detected changes in 'app/api/v1/case/case_ex_temp.py'. Reloading...
INFO:     Started server process [2133]
INFO:     Waiting for application startup.
INFO:     Application startup complete.
WARNING:  WatchFiles detected changes in 'app/api/v1/case/case_ex_temp.py'. Reloading...
INFO:     Started server process [2140]
INFO:     Waiting for application startup.
INFO:     Application startup complete.
WARNING:  WatchFiles detected changes in 'app/api/v1/case/case_ex_temp.py'. Reloading...
INFO:     Started server process [2147]
INFO:     Waiting for application startup.
INFO:     Application startup complete.
WARNING:  WatchFiles detected changes in 'app/api/v1/case/case_ex_temp.py'. Reloading...
INFO:     Started server process [2154]
INFO:     Waiting for application startup.
INFO:     Application startup complete.
WARNING:  WatchFiles detected changes in 'app/api/v1/case/case_ex_temp.py'. Reloading...
INFO:     Started server process [2161]
INFO:     Waiting for application startup.
INFO:     Application startup complete.
INFO:     Started server process [2168]
INFO:     Waiting for application startup.
INFO:     Application startup complete.
WARNING:  WatchFiles detected changes in 'app/api/v1/case/case_ex.py'. Reloading...
INFO:     Shutting down
INFO:     Waiting for application shutdown.
INFO:     Application shutdown complete.
INFO:     Finished server process [2168]
INFO:     Started server process [2421]
INFO:     Waiting for application startup.
INFO:     Application startup complete.
WARNING:  WatchFiles detected changes in 'app/api/v1/case/case_ex.py'. Reloading...
INFO:     Shutting down
INFO:     Waiting for application shutdown.
INFO:     Application shutdown complete.
INFO:     Finished server process [2421]
INFO:     Started server process [2428]
INFO:     Waiting for application startup.
INFO:     Application startup complete.
WARNING:  WatchFiles detected changes in 'app/api/v1/case/case_ex.py'. Reloading...
INFO:     Shutting down
INFO:     Waiting for application shutdown.
INFO:     Application shutdown complete.
INFO:     Finished server process [2428]
INFO:     Started server process [2435]
INFO:     Waiting for application startup.
INFO:     Application startup complete.
WARNING:  WatchFiles detected changes in 'app/api/v1/case/case_ex.py'. Reloading...
INFO:     Shutting down
INFO:     Waiting for application shutdown.
INFO:     Application shutdown complete.
INFO:     Finished server process [2435]
WARNING:  WatchFiles detected changes in 'app/api/v1/case/case_ex.py'. Reloading...
INFO:     Started server process [2442]
INFO:     Waiting for application startup.
INFO:     Application startup complete.
INFO:     Started server process [2449]
INFO:     Waiting for application startup.
INFO:     Application startup complete.
WARNING:  WatchFiles detected changes in 'app/api/v1/case/case_ex.py'. Reloading...
INFO:     Shutting down
INFO:     Waiting for application shutdown.
INFO:     Application shutdown complete.
INFO:     Finished server process [2449]
INFO:     Started server process [2456]
INFO:     Waiting for application startup.
INFO:     Application startup complete.
WARNING:  WatchFiles detected changes in 'app/api/v1/case/case_ex.py'. Reloading...
INFO:     Shutting down
INFO:     Waiting for application shutdown.
INFO:     Application shutdown complete.
INFO:     Finished server process [2456]
INFO:     Started server process [2463]
INFO:     Waiting for application startup.
INFO:     Application startup complete.
WARNING:  WatchFiles detected changes in 'app/api/v1/case/case.py'. Reloading...
INFO:     Shutting down
INFO:     Waiting for application shutdown.
INFO:     Application shutdown complete.
INFO:     Finished server process [2463]
WARNING:  WatchFiles detected changes in 'app/api/v1/case/case.py'. Reloading...
WARNING:  WatchFiles detected changes in 'app/api/v1/case/case.py'. Reloading...
WARNING:  WatchFiles detected changes in 'app/api/v1/case/case.py'. Reloading...
INFO:     Started server process [2473]
INFO:     Waiting for application startup.
INFO:     Application startup complete.
WARNING:  WatchFiles detected changes in 'app/api/v1/case/case.py'. Reloading...
INFO:     Shutting down
INFO:     Waiting for application shutdown.
INFO:     Application shutdown complete.
INFO:     Finished server process [2473]
WARNING:  WatchFiles detected changes in 'app/api/v1/case/case.py'. Reloading...
WARNING:  WatchFiles detected changes in 'app/api/v1/case/case.py'. Reloading...
WARNING:  WatchFiles detected changes in 'app/api/v1/case/case.py'. Reloading...
WARNING:  WatchFiles detected changes in 'app/api/v1/case/case.py'. Reloading...
WARNING:  WatchFiles detected changes in 'app/api/v1/case/case.py'. Reloading...
WARNING:  WatchFiles detected changes in 'app/api/v1/case/case.py'. Reloading...
WARNING:  WatchFiles detected changes in 'app/api/v1/case/case.py'. Reloading...
WARNING:  WatchFiles detected changes in 'app/api/v1/case/case.py'. Reloading...
WARNING:  WatchFiles detected changes in 'app/api/v1/case/case.py'. Reloading...
WARNING:  WatchFiles detected changes in 'app/api/v1/case/case.py'. Reloading...
WARNING:  WatchFiles detected changes in 'app/api/v1/case/case.py'. Reloading...
WARNING:  WatchFiles detected changes in 'app/api/v1/case/case.py'. Reloading...
WARNING:  WatchFiles detected changes in 'app/api/v1/case/case.py'. Reloading...
WARNING:  WatchFiles detected changes in 'app/api/v1/case/case.py'. Reloading...
WARNING:  WatchFiles detected changes in 'app/api/v1/case/case.py'. Reloading...
WARNING:  WatchFiles detected changes in 'app/api/v1/case/case.py'. Reloading...
INFO:     Started server process [2496]
INFO:     Waiting for application startup.
INFO:     Application startup complete.
WARNING:  WatchFiles detected changes in 'app/api/v1/case/case.py'. Reloading...
INFO:     Shutting down
INFO:     Waiting for application shutdown.
INFO:     Application shutdown complete.
INFO:     Finished server process [2496]
WARNING:  WatchFiles detected changes in 'app/api/v1/case/case.py'. Reloading...
INFO:     Started server process [2503]
INFO:     Waiting for application startup.
INFO:     Application startup complete.
INFO:     Started server process [2510]
INFO:     Waiting for application startup.
INFO:     Application startup complete.
WARNING:  WatchFiles detected changes in 'app/api/v1/case/case.py'. Reloading...
INFO:     Shutting down
INFO:     Waiting for application shutdown.
INFO:     Application shutdown complete.
INFO:     Finished server process [2510]
INFO:     Started server process [2517]
INFO:     Waiting for application startup.
INFO:     Application startup complete.
WARNING:  WatchFiles detected changes in 'app/api/v1/case/case.py'. Reloading...
INFO:     Shutting down
INFO:     Waiting for application shutdown.
INFO:     Application shutdown complete.
INFO:     Finished server process [2517]
WARNING:  WatchFiles detected changes in 'app/api/v1/case/case.py'. Reloading...
INFO:     Started server process [2524]
INFO:     Waiting for application startup.
INFO:     Application startup complete.
INFO:     Started server process [2531]
INFO:     Waiting for application startup.
INFO:     Application startup complete.
WARNING:  WatchFiles detected changes in 'app/api/v1/case/case.py'. Reloading...
INFO:     Shutting down
INFO:     Waiting for application shutdown.
INFO:     Application shutdown complete.
INFO:     Finished server process [2531]
WARNING:  WatchFiles detected changes in 'app/api/v1/case/case.py'. Reloading...
INFO:     Started server process [2538]
INFO:     Waiting for application startup.
INFO:     Application startup complete.
WARNING:  WatchFiles detected changes in 'app/api/v1/case/case.py'. Reloading...
INFO:     Started server process [2545]
INFO:     Waiting for application startup.
INFO:     Application startup complete.
INFO:     Started server process [2552]
INFO:     Waiting for application startup.
INFO:     Application startup complete.
WARNING:  WatchFiles detected changes in 'app/api/v1/case/case.py'. Reloading...
INFO:     Shutting down
INFO:     Waiting for application shutdown.
INFO:     Application shutdown complete.
INFO:     Finished server process [2552]
WARNING:  WatchFiles detected changes in 'app/api/v1/case/case.py'. Reloading...
INFO:     Started server process [2559]
INFO:     Waiting for application startup.
INFO:     Application startup complete.
WARNING:  WatchFiles detected changes in 'app/api/v1/case/case.py'. Reloading...
INFO:     Started server process [2566]
INFO:     Waiting for application startup.
INFO:     Application startup complete.
INFO:     Started server process [2573]
INFO:     Waiting for application startup.
INFO:     Application startup complete.
WARNING:  WatchFiles detected changes in 'app/api/v1/case/case.py'. Reloading...
INFO:     Shutting down
INFO:     Waiting for application shutdown.
INFO:     Application shutdown complete.
INFO:     Finished server process [2573]
INFO:     Started server process [2580]
INFO:     Waiting for application startup.
INFO:     Application startup complete.
WARNING:  WatchFiles detected changes in 'app/api/v1/case/case.py'. Reloading...
INFO:     Shutting down
INFO:     Waiting for application shutdown.
INFO:     Application shutdown complete.
INFO:     Finished server process [2580]
INFO:     Started server process [2587]
INFO:     Waiting for application startup.
INFO:     Application startup complete.
WARNING:  WatchFiles detected changes in 'app/api/v1/case/case.py'. Reloading...
INFO:     Shutting down
INFO:     Waiting for application shutdown.
INFO:     Application shutdown complete.
INFO:     Finished server process [2587]
INFO:     Started server process [2690]
INFO:     Waiting for application startup.
INFO:     Application startup complete.
WARNING:  WatchFiles detected changes in 'app/api/v1/case/case.py'. Reloading...
INFO:     Shutting down
INFO:     Waiting for application shutdown.
INFO:     Application shutdown complete.
INFO:     Finished server process [2690]
INFO:     Started server process [2697]
INFO:     Waiting for application startup.
INFO:     Application startup complete.
